Modules list:
-------------
main.o:
    CODE              Offs=000000  Size=000375  Align=00001  Fill=0000
    RODATA            Offs=000000  Size=0001DB  Align=00001  Fill=0000
    BSS               Offs=000000  Size=000229  Align=00001  Fill=0000
protocol.o:
    CODE              Offs=000375  Size=000428  Align=00001  Fill=0000
    BSS               Offs=000229  Size=00010C  Align=00001  Fill=0000
serial.o:
    CODE              Offs=00079D  Size=0000F7  Align=00001  Fill=0000
    RODATA            Offs=0001DB  Size=000009  Align=00001  Fill=0000
    BSS               Offs=000335  Size=00000B  Align=00001  Fill=0000
/usr/share/cc65/lib/c64.lib(_cursor.o):
    BSS               Offs=000340  Size=000001  Align=00001  Fill=0000
/usr/share/cc65/lib/c64.lib(add.o):
    CODE              Offs=000894  Size=00001C  Align=00001  Fill=0000
/usr/share/cc65/lib/c64.lib(addysp.o):
    CODE              Offs=0008B0  Size=00000E  Align=00001  Fill=0000
/usr/share/cc65/lib/c64.lib(bordercolor.o):
    CODE              Offs=0008BE  Size=000008  Align=00001  Fill=0000
/usr/share/cc65/lib/c64.lib(callmain.o):
    CODE              Offs=0008C6  Size=000017  Align=00001  Fill=0000
    DATA              Offs=000000  Size=000004  Align=00001  Fill=0000
/usr/share/cc65/lib/c64.lib(cgetc.o):
    CODE              Offs=0008DD  Size=000047  Align=00001  Fill=0000
/usr/share/cc65/lib/c64.lib(clrscr.o):
/usr/share/cc65/lib/c64.lib(color.o):
    CODE              Offs=000924  Size=000010  Align=00001  Fill=0000
/usr/share/cc65/lib/c64.lib(condes.o):
    CODE              Offs=000934  Size=00000C  Align=00001  Fill=0000
    DATA              Offs=000004  Size=000025  Align=00001  Fill=0000
    ONCE              Offs=000000  Size=00000C  Align=00001  Fill=0000
/usr/share/cc65/lib/c64.lib(conio.o):
/usr/share/cc65/lib/c64.lib(cputc.o):
    CODE              Offs=000940  Size=00006F  Align=00001  Fill=0000
/usr/share/cc65/lib/c64.lib(cputs.o):
    CODE              Offs=0009AF  Size=000023  Align=00001  Fill=0000
/usr/share/cc65/lib/c64.lib(crt0.o):
    STARTUP           Offs=000000  Size=000033  Align=00001  Fill=0000
    ONCE              Offs=00000C  Size=00001A  Align=00001  Fill=0000
    INIT              Offs=000000  Size=00001C  Align=00001  Fill=0000
/usr/share/cc65/lib/c64.lib(exehdr.o):
    EXEHDR            Offs=000000  Size=00000C  Align=00001  Fill=0000
/usr/share/cc65/lib/c64.lib(gotoxy.o):
    CODE              Offs=0009D2  Size=00000D  Align=00001  Fill=0000
/usr/share/cc65/lib/c64.lib(icmp.o):
    CODE              Offs=0009DF  Size=00002E  Align=00001  Fill=0000
/usr/share/cc65/lib/c64.lib(incax1.o):
    CODE              Offs=000A0D  Size=000007  Align=00001  Fill=0000
/usr/share/cc65/lib/c64.lib(incsp2.o):
    CODE              Offs=000A14  Size=000016  Align=00001  Fill=0000
/usr/share/cc65/lib/c64.lib(incsp3.o):
    CODE              Offs=000A2A  Size=000005  Align=00001  Fill=0000
/usr/share/cc65/lib/c64.lib(incsp5.o):
    CODE              Offs=000A2F  Size=000005  Align=00001  Fill=0000
/usr/share/cc65/lib/c64.lib(incsp6.o):
    CODE              Offs=000A34  Size=000005  Align=00001  Fill=0000
/usr/share/cc65/lib/c64.lib(kernal.o):
/usr/share/cc65/lib/c64.lib(kplot.o):
    CODE              Offs=000A39  Size=00000B  Align=00001  Fill=0000
/usr/share/cc65/lib/c64.lib(ldaxi.o):
    CODE              Offs=000A44  Size=00000D  Align=00001  Fill=0000
/usr/share/cc65/lib/c64.lib(ldaxsp.o):
    CODE              Offs=000A51  Size=000009  Align=00001  Fill=0000
/usr/share/cc65/lib/c64.lib(loadaddr.o):
    LOADADDR          Offs=000000  Size=000002  Align=00001  Fill=0000
/usr/share/cc65/lib/c64.lib(memcpy.o):
    CODE              Offs=000A5A  Size=00003C  Align=00001  Fill=0000
/usr/share/cc65/lib/c64.lib(popa.o):
    CODE              Offs=000A96  Size=00000C  Align=00001  Fill=0000
/usr/share/cc65/lib/c64.lib(popptr1.o):
    CODE              Offs=000AA2  Size=00000E  Align=00001  Fill=0000
/usr/share/cc65/lib/c64.lib(pusha.o):
    CODE              Offs=000AB0  Size=000016  Align=00001  Fill=0000
/usr/share/cc65/lib/c64.lib(pushax.o):
    CODE              Offs=000AC6  Size=00001A  Align=00001  Fill=0000
/usr/share/cc65/lib/c64.lib(pushw.o):
    CODE              Offs=000AE0  Size=00000F  Align=00001  Fill=0000
/usr/share/cc65/lib/c64.lib(pushwsp.o):
    CODE              Offs=000AEF  Size=00001C  Align=00001  Fill=0000
/usr/share/cc65/lib/c64.lib(status.o):
/usr/share/cc65/lib/c64.lib(staxspi.o):
    CODE              Offs=000B0B  Size=00001B  Align=00001  Fill=0000
/usr/share/cc65/lib/c64.lib(strlen.o):
    CODE              Offs=000B26  Size=000016  Align=00001  Fill=0000
/usr/share/cc65/lib/c64.lib(wherex.o):
    CODE              Offs=000B3C  Size=000005  Align=00001  Fill=0000
/usr/share/cc65/lib/c64.lib(xor.o):
    CODE              Offs=000B41  Size=000012  Align=00001  Fill=0000
/usr/share/cc65/lib/c64.lib(zerobss.o):
    CODE              Offs=000B53  Size=000023  Align=00001  Fill=0000
/usr/share/cc65/lib/c64.lib(zeropage.o):
    ZEROPAGE          Offs=000000  Size=00001A  Align=00001  Fill=0000


Segment list:
-------------
Name                   Start     End    Size  Align
----------------------------------------------------
ZEROPAGE              000002  00001B  00001A  00001
LOADADDR              0007FF  000800  000002  00001
EXEHDR                000801  00080C  00000C  00001
STARTUP               00080D  00083F  000033  00001
CODE                  000840  0013B5  000B76  00001
RODATA                0013B6  001599  0001E4  00001
DATA                  00159A  0015C2  000029  00001
INIT                  0015C3  0015DE  00001C  00001
BSS                   0015DF  00191F  000341  00001
ONCE                  0015DF  001604  000026  00001


Exports list by name:
---------------------
BSOUT                     00FFD2 RLA    CURS_X                    0000D3 RLZ    
CURS_Y                    0000D6 RLZ    PLOT                      001279 RLA    
ST                        000090 RLZ    __BSS_RUN__               0015DF RLA    
__BSS_SIZE__              000341 REA    __CONSTRUCTOR_COUNT__     000000 REA    
__CONSTRUCTOR_TABLE__     001605 RLA    __DESTRUCTOR_COUNT__      000000 REA    
__DESTRUCTOR_TABLE__      00159A RLA    __EXEHDR__                000001 REA    
__HEADER_LAST__           00080D RLA    __HIMEM__                 00D000 REA    
__LOADADDR__              000001 REA    __MAIN_SIZE__             00C7F3 REA    
__MAIN_START__            00080D RLA    __ONCE_RUN__              0015DF RLA    
__STACKSIZE__             000800 REA    __STARTUP__               000001 REA    
_bgcolor                  00116C RLA    _bordercolor              0010FE RLA    
_cgetc                    00111D RLA    _clrscr                   00E544 REA    
_cputc                    001185 RLA    _cputs                    0011F9 RLA    
_gotoxy                   001215 RLA    _main                     000915 RLA    
_memcpy                   00129A RLA    _proto_get_payload        000E3F RLA    
_proto_init               000BB5 RLA    _proto_process_byte       000C27 RLA    
_proto_send_chat          000EFA RLA    _proto_send_new_conversation 000F4D RLA    
_proto_send_ping          000EEF RLA    _serial_available         00106B RLA    
_serial_disconnect        00105F RLA    _serial_flush             0010CB RLA    
_serial_init              001046 RLA    _serial_read              001091 RLA    
_serial_write             0010A3 RLA    _strlen                   001366 RLA    
_textcolor                001164 RLA    _wherex                   00137C RLA    
addysp                    0010F1 RLA    addysp1                   0010F0 RLA    
callmain                  001106 RLA    cursor                    00191F RLA    
donelib                   001174 RLA    gotoxy                    001212 RLA    
incax1                    00124D RLA    incsp2                    00125C RLA    
incsp3                    00126A RLA    incsp5                    00126F RLA    
incsp6                    001274 RLA    initlib                   0015DF RLA    
ldax0sp                   001291 RLA    ldaxi                     001284 RLA    
ldaxidx                   001286 RLA    ldaxysp                   001293 RLA    
plot                      0011DB RLA    popa                      0012D6 RLA    
popax                     001254 RLA    popptr1                   0012E2 RLA    
ptr1                      00000A RLZ    ptr2                      00000C RLZ    
ptr3                      00000E RLZ    push0                     001306 RLA    
pusha                     0012F4 RLA    pusha0                    001308 RLA    
pushax                    00130A RLA    pushwidx                  001322 RLA    
pushwysp                  001331 RLA    regsave                   000006 RLZ    
sp                        000002 RLZ    sreg                      000004 RLZ    
staxspidx                 00134B RLA    tmp1                      000012 RLZ    
tosaddax                  0010D6 RLA    tosicmp                   001221 RLA    
tosxora0                  001381 RLA    zerobss                   001393 RLA    



Exports list by value:
----------------------
__CONSTRUCTOR_COUNT__     000000 REA    __DESTRUCTOR_COUNT__      000000 REA    
__EXEHDR__                000001 REA    __LOADADDR__              000001 REA    
__STARTUP__               000001 REA    sp                        000002 RLZ    
sreg                      000004 RLZ    regsave                   000006 RLZ    
ptr1                      00000A RLZ    ptr2                      00000C RLZ    
ptr3                      00000E RLZ    tmp1                      000012 RLZ    
ST                        000090 RLZ    CURS_X                    0000D3 RLZ    
CURS_Y                    0000D6 RLZ    __BSS_SIZE__              000341 REA    
__STACKSIZE__             000800 REA    __HEADER_LAST__           00080D RLA    
__MAIN_START__            00080D RLA    _main                     000915 RLA    
_proto_init               000BB5 RLA    _proto_process_byte       000C27 RLA    
_proto_get_payload        000E3F RLA    _proto_send_ping          000EEF RLA    
_proto_send_chat          000EFA RLA    _proto_send_new_conversation 000F4D RLA    
_serial_init              001046 RLA    _serial_disconnect        00105F RLA    
_serial_available         00106B RLA    _serial_read              001091 RLA    
_serial_write             0010A3 RLA    _serial_flush             0010CB RLA    
tosaddax                  0010D6 RLA    addysp1                   0010F0 RLA    
addysp                    0010F1 RLA    _bordercolor              0010FE RLA    
callmain                  001106 RLA    _cgetc                    00111D RLA    
_textcolor                001164 RLA    _bgcolor                  00116C RLA    
donelib                   001174 RLA    _cputc                    001185 RLA    
plot                      0011DB RLA    _cputs                    0011F9 RLA    
gotoxy                    001212 RLA    _gotoxy                   001215 RLA    
tosicmp                   001221 RLA    incax1                    00124D RLA    
popax                     001254 RLA    incsp2                    00125C RLA    
incsp3                    00126A RLA    incsp5                    00126F RLA    
incsp6                    001274 RLA    PLOT                      001279 RLA    
ldaxi                     001284 RLA    ldaxidx                   001286 RLA    
ldax0sp                   001291 RLA    ldaxysp                   001293 RLA    
_memcpy                   00129A RLA    popa                      0012D6 RLA    
popptr1                   0012E2 RLA    pusha                     0012F4 RLA    
push0                     001306 RLA    pusha0                    001308 RLA    
pushax                    00130A RLA    pushwidx                  001322 RLA    
pushwysp                  001331 RLA    staxspidx                 00134B RLA    
_strlen                   001366 RLA    _wherex                   00137C RLA    
tosxora0                  001381 RLA    zerobss                   001393 RLA    
__DESTRUCTOR_TABLE__      00159A RLA    __BSS_RUN__               0015DF RLA    
__ONCE_RUN__              0015DF RLA    initlib                   0015DF RLA    
__CONSTRUCTOR_TABLE__     001605 RLA    cursor                    00191F RLA    
__MAIN_SIZE__             00C7F3 REA    __HIMEM__                 00D000 REA    
_clrscr                   00E544 REA    BSOUT                     00FFD2 RLA    



Imports list:
-------------
BSOUT (kernal.o):
    crt0.o                    c64/crt0.s(10)
CURS_X (conio.o):
    wherex.o                  cbm/wherex.s(8)
    gotoxy.o                  cbm/gotoxy.s(9)
CURS_Y (conio.o):
    gotoxy.o                  cbm/gotoxy.s(9)
PLOT (kplot.o):
    cputc.o                   c64/cputc.s(11)
ST (status.o):
    crt0.o                    c64/crt0.s(13)
__BSS_RUN__ ([linker generated]):
    zerobss.o                 common/zerobss.s(8)
__BSS_SIZE__ ([linker generated]):
    zerobss.o                 common/zerobss.s(8)
__CONSTRUCTOR_COUNT__ ([linker generated]):
    condes.o                  runtime/condes.s(18)
__CONSTRUCTOR_TABLE__ ([linker generated]):
    condes.o                  runtime/condes.s(18)
__DESTRUCTOR_COUNT__ ([linker generated]):
    condes.o                  runtime/condes.s(19)
__DESTRUCTOR_TABLE__ ([linker generated]):
    condes.o                  runtime/condes.s(19)
__EXEHDR__ (exehdr.o):
    [linker generated]        /usr/share/cc65/cfg/c64.cfg(6)
__HEADER_LAST__ ([linker generated]):
    [linker generated]        /usr/share/cc65/cfg/c64.cfg(14)
    [linker generated]        /usr/share/cc65/cfg/c64.cfg(14)
__HIMEM__ ([linker generated]):
    [linker generated]        /usr/share/cc65/cfg/c64.cfg(15)
    [linker generated]        /usr/share/cc65/cfg/c64.cfg(14)
__LOADADDR__ (loadaddr.o):
    [linker generated]        /usr/share/cc65/cfg/c64.cfg(5)
__MAIN_SIZE__ ([linker generated]):
    crt0.o                    c64/crt0.s(11)
__MAIN_START__ ([linker generated]):
    crt0.o                    c64/crt0.s(11)
__ONCE_RUN__ ([linker generated]):
    [linker generated]        /usr/share/cc65/cfg/c64.cfg(15)
    [linker generated]        /usr/share/cc65/cfg/c64.cfg(15)
__STACKSIZE__ ([linker generated]):
    [linker generated]        /usr/share/cc65/cfg/c64.cfg(15)
__STARTUP__ (crt0.o):
    main.o                    build/main.s(13)
_bgcolor (color.o):
    main.o                    build/main.s(21)
_bordercolor (bordercolor.o):
    main.o                    build/main.s(22)
_cgetc (cgetc.o):
    main.o                    build/main.s(19)
_clrscr (clrscr.o):
    main.o                    build/main.s(14)
_cputc (cputc.o):
    cputs.o                   conio/cputs.s(9)
    main.o                    build/main.s(17)
_cputs (cputs.o):
    main.o                    build/main.s(18)
_gotoxy (gotoxy.o):
    main.o                    build/main.s(15)
_main (main.o):
    callmain.o                runtime/callmain.s(11)
_memcpy (memcpy.o):
    protocol.o                build/protocol.s(29)
_proto_get_payload (protocol.o):
    main.o                    build/main.s(29)
_proto_init (protocol.o):
    main.o                    build/main.s(27)
_proto_process_byte (protocol.o):
    main.o                    build/main.s(28)
_proto_send_chat (protocol.o):
    main.o                    build/main.s(31)
_proto_send_new_conversation (protocol.o):
    main.o                    build/main.s(32)
_proto_send_ping (protocol.o):
    main.o                    build/main.s(30)
_serial_available (serial.o):
    main.o                    build/main.s(25)
_serial_disconnect (serial.o):
    main.o                    build/main.s(24)
_serial_flush (serial.o):
    protocol.o                build/protocol.s(27)
_serial_init (serial.o):
    main.o                    build/main.s(23)
_serial_read (serial.o):
    main.o                    build/main.s(26)
_serial_write (serial.o):
    protocol.o                build/protocol.s(26)
_strlen (strlen.o):
    protocol.o                build/protocol.s(28)
_textcolor (color.o):
    main.o                    build/main.s(20)
_wherex (wherex.o):
    main.o                    build/main.s(16)
addysp (addysp.o):
    incsp6.o                  runtime/incsp6.s(8)
    incsp5.o                  runtime/incsp5.s(8)
    incsp3.o                  runtime/incsp3.s(8)
addysp1 (addysp.o):
    xor.o                     runtime/xor.s(9)
callmain (callmain.o):
    crt0.o                    c64/crt0.s(9)
cursor (_cursor.o):
    cgetc.o                   c64/cgetc.s(8)
donelib (condes.o):
    crt0.o                    c64/crt0.s(8)
gotoxy (gotoxy.o):
    cputs.o                   conio/cputs.s(9)
    cputc.o                   c64/cputc.s(10)
incax1 (incax1.o):
    protocol.o                build/protocol.s(685)
    protocol.o                build/protocol.s(685)
    protocol.o                build/protocol.s(685)
    protocol.o                build/protocol.s(685)
    main.o                    build/main.s(556)
    main.o                    build/main.s(556)
incsp2 (incsp2.o):
    staxspi.o                 runtime/staxspi.s(9)
    popptr1.o                 runtime/popptr1.s(8)
    protocol.o                build/protocol.s(685)
    protocol.o                build/protocol.s(685)
    protocol.o                build/protocol.s(685)
    main.o                    build/main.s(556)
incsp3 (incsp3.o):
    protocol.o                build/protocol.s(685)
    main.o                    build/main.s(556)
incsp5 (incsp5.o):
    protocol.o                build/protocol.s(685)
    protocol.o                build/protocol.s(685)
incsp6 (incsp6.o):
    protocol.o                build/protocol.s(685)
initlib (condes.o):
    crt0.o                    c64/crt0.s(8)
ldax0sp (ldaxsp.o):
    protocol.o                build/protocol.s(685)
    protocol.o                build/protocol.s(685)
    protocol.o                build/protocol.s(685)
    protocol.o                build/protocol.s(685)
    main.o                    build/main.s(556)
ldaxi (ldaxi.o):
    protocol.o                build/protocol.s(685)
ldaxidx (ldaxi.o):
    protocol.o                build/protocol.s(685)
    protocol.o                build/protocol.s(685)
    protocol.o                build/protocol.s(685)
ldaxysp (ldaxsp.o):
    protocol.o                build/protocol.s(685)
    protocol.o                build/protocol.s(685)
    protocol.o                build/protocol.s(685)
    protocol.o                build/protocol.s(685)
plot (cputc.o):
    gotoxy.o                  cbm/gotoxy.s(8)
popa (popa.o):
    gotoxy.o                  cbm/gotoxy.s(8)
popax (incsp2.o):
    memcpy.o                  common/memcpy.s(14)
popptr1 (popptr1.o):
    memcpy.o                  common/memcpy.s(14)
ptr1 (zeropage.o):
    zerobss.o                 common/zerobss.s(9)
    staxspi.o                 runtime/staxspi.s(10)
    pushw.o                   runtime/pushw.s(9)
    popptr1.o                 runtime/popptr1.s(9)
    memcpy.o                  common/memcpy.s(15)
    ldaxi.o                   runtime/ldaxi.s(8)
    cputs.o                   conio/cputs.s(10)
    serial.o                  src/serial.s(19)
    protocol.o                build/protocol.s(11)
ptr2 (zeropage.o):
    strlen.o                  common/strlen.s(12)
    memcpy.o                  common/memcpy.s(15)
ptr3 (zeropage.o):
    memcpy.o                  common/memcpy.s(15)
push0 (pushax.o):
    protocol.o                build/protocol.s(685)
    protocol.o                build/protocol.s(685)
    protocol.o                build/protocol.s(685)
    protocol.o                build/protocol.s(685)
    protocol.o                build/protocol.s(685)
    protocol.o                build/protocol.s(685)
pusha (pusha.o):
    protocol.o                build/protocol.s(685)
    protocol.o                build/protocol.s(685)
    protocol.o                build/protocol.s(685)
    protocol.o                build/protocol.s(685)
    protocol.o                build/protocol.s(685)
    protocol.o                build/protocol.s(685)
    protocol.o                build/protocol.s(685)
    protocol.o                build/protocol.s(685)
    protocol.o                build/protocol.s(685)
    main.o                    build/main.s(556)
    main.o                    build/main.s(556)
    main.o                    build/main.s(556)
pusha0 (pushax.o):
    protocol.o                build/protocol.s(685)
pushax (pushax.o):
    callmain.o                runtime/callmain.s(11)
    pushw.o                   runtime/pushw.s(8)
    protocol.o                build/protocol.s(685)
    protocol.o                build/protocol.s(685)
    protocol.o                build/protocol.s(685)
    protocol.o                build/protocol.s(685)
    protocol.o                build/protocol.s(685)
    protocol.o                build/protocol.s(685)
    protocol.o                build/protocol.s(685)
    main.o                    build/main.s(556)
    main.o                    build/main.s(556)
    main.o                    build/main.s(556)
pushwidx (pushw.o):
    protocol.o                build/protocol.s(685)
pushwysp (pushwsp.o):
    protocol.o                build/protocol.s(685)
    protocol.o                build/protocol.s(685)
regsave (zeropage.o):
    protocol.o                build/protocol.s(10)
sp (zeropage.o):
    addysp.o                  runtime/addysp.s(8)
    xor.o                     runtime/xor.s(10)
    staxspi.o                 runtime/staxspi.s(10)
    pushwsp.o                 runtime/pushwsp.s(8)
    pushax.o                  runtime/pushax.s(8)
    pusha.o                   runtime/pusha.s(8)
    popptr1.o                 runtime/popptr1.s(9)
    popa.o                    runtime/popa.s(8)
    memcpy.o                  common/memcpy.s(15)
    ldaxsp.o                  runtime/ldaxsp.s(8)
    incsp2.o                  runtime/incsp2.s(8)
    icmp.o                    runtime/icmp.s(9)
    crt0.o                    /home/offipso/.cache/yay/cc65/src/cc65-2.19/asminc/zeropage.inc(11)
    add.o                     runtime/add.s(12)
    protocol.o                build/protocol.s(10)
    main.o                    build/main.s(10)
sreg (zeropage.o):
    icmp.o                    runtime/icmp.s(9)
staxspidx (staxspi.o):
    protocol.o                build/protocol.s(685)
tmp1 (zeropage.o):
    xor.o                     runtime/xor.s(10)
    staxspi.o                 runtime/staxspi.s(10)
    cputs.o                   conio/cputs.s(10)
    add.o                     runtime/add.s(12)
tosaddax (add.o):
    protocol.o                build/protocol.s(685)
tosicmp (icmp.o):
    protocol.o                build/protocol.s(685)
tosxora0 (xor.o):
    protocol.o                build/protocol.s(685)
zerobss (zerobss.o):
    crt0.o                    c64/crt0.s(9)

