Modules list:
-------------
debug_main.o:
display.o:
    CODE              Offs=000000  Size=00059E  Align=00001  Fill=0000
    RODATA            Offs=000000  Size=00002C  Align=00001  Fill=0000
    BSS               Offs=000000  Size=001A12  Align=00001  Fill=0000
editor.o:
    CODE              Offs=00059E  Size=00022F  Align=00001  Fill=0000
    BSS               Offs=001A12  Size=000082  Align=00001  Fill=0000
main.o:
    CODE              Offs=0007CD  Size=000850  Align=00001  Fill=0000
    RODATA            Offs=00002C  Size=000373  Align=00001  Fill=0000
    BSS               Offs=001A94  Size=0004EC  Align=00001  Fill=0000
    DATA              Offs=000000  Size=000003  Align=00001  Fill=0000
protocol.o:
    CODE              Offs=00101D  Size=0004C3  Align=00001  Fill=0000
    BSS               Offs=001F80  Size=000112  Align=00001  Fill=0000
text.o:
    CODE              Offs=0014E0  Size=00016F  Align=00001  Fill=0000
serial.o:
    CODE              Offs=00164F  Size=000140  Align=00001  Fill=0000
    BSS               Offs=002092  Size=000104  Align=00001  Fill=0000
    DATA              Offs=000003  Size=000006  Align=00001  Fill=0000
/usr/share/cc65/lib/c64.lib(_cursor.o):
    BSS               Offs=002196  Size=000001  Align=00001  Fill=0000
/usr/share/cc65/lib/c64.lib(add.o):
    CODE              Offs=00178F  Size=00001C  Align=00001  Fill=0000
/usr/share/cc65/lib/c64.lib(addeqsp.o):
    CODE              Offs=0017AB  Size=000011  Align=00001  Fill=0000
/usr/share/cc65/lib/c64.lib(addysp.o):
    CODE              Offs=0017BC  Size=00000E  Align=00001  Fill=0000
/usr/share/cc65/lib/c64.lib(callmain.o):
    CODE              Offs=0017CA  Size=000017  Align=00001  Fill=0000
    DATA              Offs=000009  Size=000004  Align=00001  Fill=0000
/usr/share/cc65/lib/c64.lib(cgetc.o):
    CODE              Offs=0017E1  Size=000047  Align=00001  Fill=0000
/usr/share/cc65/lib/c64.lib(condes.o):
    CODE              Offs=001828  Size=00000C  Align=00001  Fill=0000
    DATA              Offs=00000D  Size=000025  Align=00001  Fill=0000
    ONCE              Offs=000000  Size=00000C  Align=00001  Fill=0000
/usr/share/cc65/lib/c64.lib(crt0.o):
    STARTUP           Offs=000000  Size=000033  Align=00001  Fill=0000
    ONCE              Offs=00000C  Size=00001A  Align=00001  Fill=0000
    INIT              Offs=000000  Size=00001C  Align=00001  Fill=0000
/usr/share/cc65/lib/c64.lib(decax1.o):
    CODE              Offs=001834  Size=000007  Align=00001  Fill=0000
/usr/share/cc65/lib/c64.lib(decaxy.o):
    CODE              Offs=00183B  Size=000009  Align=00001  Fill=0000
/usr/share/cc65/lib/c64.lib(exehdr.o):
    EXEHDR            Offs=000000  Size=00000C  Align=00001  Fill=0000
/usr/share/cc65/lib/c64.lib(icmp.o):
    CODE              Offs=001844  Size=00002E  Align=00001  Fill=0000
/usr/share/cc65/lib/c64.lib(incax1.o):
    CODE              Offs=001872  Size=000007  Align=00001  Fill=0000
/usr/share/cc65/lib/c64.lib(incax8.o):
    CODE              Offs=001879  Size=000005  Align=00001  Fill=0000
/usr/share/cc65/lib/c64.lib(incaxy.o):
    CODE              Offs=00187E  Size=00000B  Align=00001  Fill=0000
/usr/share/cc65/lib/c64.lib(incsp1.o):
    CODE              Offs=001889  Size=000007  Align=00001  Fill=0000
/usr/share/cc65/lib/c64.lib(incsp2.o):
    CODE              Offs=001890  Size=000016  Align=00001  Fill=0000
/usr/share/cc65/lib/c64.lib(incsp3.o):
    CODE              Offs=0018A6  Size=000005  Align=00001  Fill=0000
/usr/share/cc65/lib/c64.lib(incsp5.o):
    CODE              Offs=0018AB  Size=000005  Align=00001  Fill=0000
/usr/share/cc65/lib/c64.lib(incsp6.o):
    CODE              Offs=0018B0  Size=000005  Align=00001  Fill=0000
/usr/share/cc65/lib/c64.lib(kbhit.o):
    CODE              Offs=0018B5  Size=000009  Align=00001  Fill=0000
/usr/share/cc65/lib/c64.lib(kernal.o):
/usr/share/cc65/lib/c64.lib(ldaxi.o):
    CODE              Offs=0018BE  Size=00000D  Align=00001  Fill=0000
/usr/share/cc65/lib/c64.lib(ldaxsp.o):
    CODE              Offs=0018CB  Size=000009  Align=00001  Fill=0000
/usr/share/cc65/lib/c64.lib(ldeaxi.o):
    CODE              Offs=0018D4  Size=000017  Align=00001  Fill=0000
/usr/share/cc65/lib/c64.lib(loadaddr.o):
    LOADADDR          Offs=000000  Size=000002  Align=00001  Fill=0000
/usr/share/cc65/lib/c64.lib(makebool.o):
    CODE              Offs=0018EB  Size=00002C  Align=00001  Fill=0000
/usr/share/cc65/lib/c64.lib(memcpy.o):
    CODE              Offs=001917  Size=00003C  Align=00001  Fill=0000
/usr/share/cc65/lib/c64.lib(memmove.o):
    CODE              Offs=001953  Size=000050  Align=00001  Fill=0000
/usr/share/cc65/lib/c64.lib(memset.o):
    CODE              Offs=0019A3  Size=00005D  Align=00001  Fill=0000
/usr/share/cc65/lib/c64.lib(mul8.o):
    CODE              Offs=001A00  Size=00003A  Align=00001  Fill=0000
/usr/share/cc65/lib/c64.lib(popptr1.o):
    CODE              Offs=001A3A  Size=00000E  Align=00001  Fill=0000
/usr/share/cc65/lib/c64.lib(pusha.o):
    CODE              Offs=001A48  Size=000016  Align=00001  Fill=0000
/usr/share/cc65/lib/c64.lib(pushax.o):
    CODE              Offs=001A5E  Size=00001A  Align=00001  Fill=0000
/usr/share/cc65/lib/c64.lib(pushw.o):
    CODE              Offs=001A78  Size=00000F  Align=00001  Fill=0000
/usr/share/cc65/lib/c64.lib(pushwsp.o):
    CODE              Offs=001A87  Size=00001C  Align=00001  Fill=0000
/usr/share/cc65/lib/c64.lib(staspidx.o):
    CODE              Offs=001AA3  Size=000016  Align=00001  Fill=0000
/usr/share/cc65/lib/c64.lib(status.o):
/usr/share/cc65/lib/c64.lib(staxspi.o):
    CODE              Offs=001AB9  Size=00001B  Align=00001  Fill=0000
/usr/share/cc65/lib/c64.lib(strlen.o):
    CODE              Offs=001AD4  Size=000016  Align=00001  Fill=0000
/usr/share/cc65/lib/c64.lib(udiv.o):
    CODE              Offs=001AEA  Size=00004F  Align=00001  Fill=0000
/usr/share/cc65/lib/c64.lib(umod.o):
    CODE              Offs=001B39  Size=000011  Align=00001  Fill=0000
/usr/share/cc65/lib/c64.lib(xor.o):
    CODE              Offs=001B4A  Size=000012  Align=00001  Fill=0000
/usr/share/cc65/lib/c64.lib(zerobss.o):
    CODE              Offs=001B5C  Size=000023  Align=00001  Fill=0000
/usr/share/cc65/lib/c64.lib(zeropage.o):
    ZEROPAGE          Offs=000000  Size=00001A  Align=00001  Fill=0000


Segment list:
-------------
Name                   Start     End    Size  Align
----------------------------------------------------
ZEROPAGE              000002  00001B  00001A  00001
LOADADDR              0007FF  000800  000002  00001
EXEHDR                000801  00080C  00000C  00001
STARTUP               00080D  00083F  000033  00001
CODE                  000840  0023BE  001B7F  00001
RODATA                0023BF  00275D  00039F  00001
DATA                  00275E  00278F  000032  00001
INIT                  002790  0027AB  00001C  00001
BSS                   0027AC  004942  002197  00001
ONCE                  0027AC  0027D1  000026  00001


Exports list by name:
---------------------
BSOUT                     00FFD2 RLA    ST                        000090 RLZ    
__BSS_RUN__               0027AC RLA    __BSS_SIZE__              002197 REA    
__CONSTRUCTOR_COUNT__     000000 REA    __CONSTRUCTOR_TABLE__     0027D2 RLA    
__DESTRUCTOR_COUNT__      000000 REA    __DESTRUCTOR_TABLE__      00275E RLA    
__EXEHDR__                000001 REA    __HEADER_LAST__           00080D RLA    
__HIMEM__                 00D000 REA    __LOADADDR__              000001 REA    
__MAIN_SIZE__             00C7F3 REA    __MAIN_START__            00080D RLA    
__ONCE_RUN__              0027AC RLA    __STACKSIZE__             000800 REA    
__STARTUP__               000001 REA    _acia_init_hw             001E95 RLA    
_ascii_to_petscii         001D61 RLA    _ascii_to_petscii_str     001E5A RLA    
_ascii_to_screen          001D9B RLA    _cgetc                    002021 RLA    
_chat_append_ascii        0008DE RLA    _chat_append_ascii_char   00090C RLA    
_chat_append_petscii      00097C RLA    _chat_area_clear_screen   000BE5 RLA    
_chat_clear               0009C3 RLA    _chat_finish              0009AD RLA    
_chat_redraw              000A64 RLA    _chat_scroll              0009D7 RLA    
_chat_start               0008AA RLA    _editor_clear             000DE1 RLA    
_editor_init              000DDE RLA    _editor_key               000DEF RLA    
_editor_len               000F5B RLA    _editor_text              000F4E RLA    
_kbhit                    0020F5 RLA    _main                     0017D3 RLA    
_memcpy                   002157 RLA    _memmove                  002193 RLA    
_memset                   0021EB RLA    _petscii_to_ascii         001D20 RLA    
_petscii_to_screen        001E15 RLA    _proto_get_length         001B35 RLA    
_proto_get_payload        001B27 RLA    _proto_init               00185D RLA    
_proto_process_byte       0018CF RLA    _proto_send_cancel        001CA6 RLA    
_proto_send_chat          001BFC RLA    _proto_send_list_conversations 001C9B RLA    
_proto_send_message       001B43 RLA    _proto_send_new_conversation 001C90 RLA    
_proto_send_ping          001BF1 RLA    _serial_available         001F1C RLA    
_serial_flush             001F80 RLA    _serial_read              001F2E RLA    
_serial_write             001F4E RLA    _strlen                   002314 RLA    
_ui_draw_row              000BF8 RLA    _ui_init                  000840 RLA    
_ui_status                000892 RLA    addeq0sp                  001FEB RLA    
addysp                    001FFD RLA    addysp1                   001FFC RLA    
booleq                    002131 RLA    callmain                  00200A RLA    
cursor                    004942 RLA    decax1                    002074 RLA    
decaxy                    00207B RLA    donelib                   002068 RLA    
incax1                    0020B2 RLA    incax4                    0020BE RLA    
incax8                    0020B9 RLA    incaxy                    0020C0 RLA    
incsp1                    0020C9 RLA    incsp2                    0020D8 RLA    
incsp3                    0020E6 RLA    incsp5                    0020EB RLA    
incsp6                    0020F0 RLA    initlib                   0027AC RLA    
ldax0sp                   00210B RLA    ldaxi                     0020FE RLA    
ldaxidx                   002100 RLA    ldaxysp                   00210D RLA    
ldeaxi                    002114 RLA    memcpy_getparams          002180 RLA    
memcpy_upwards            00215A RLA    popax                     0020D0 RLA    
popptr1                   00227A RLA    ptr1                      00000A RLZ    
ptr2                      00000C RLZ    ptr3                      00000E RLZ    
ptr4                      000010 RLZ    push0                     00229E RLA    
pusha                     00228C RLA    pusha0                    0022A0 RLA    
pushax                    0022A2 RLA    pushw0sp                  0022C7 RLA    
pushwidx                  0022BA RLA    pushwysp                  0022C9 RLA    
regsave                   000006 RLZ    sp                        000002 RLZ    
sreg                      000004 RLZ    staspidx                  0022E3 RLA    
staxspidx                 0022F9 RLA    tmp1                      000012 RLZ    
tosaddax                  001FD1 RLA    tosicmp                   002086 RLA    
tosmula0                  002240 RLA    tosumoda0                 002379 RLA    
tosumula0                 002240 RLA    tosxora0                  00238A RLA    
udiv16                    00233B RLA    zerobss                   00239C RLA    



Exports list by value:
----------------------
__CONSTRUCTOR_COUNT__     000000 REA    __DESTRUCTOR_COUNT__      000000 REA    
__EXEHDR__                000001 REA    __LOADADDR__              000001 REA    
__STARTUP__               000001 REA    sp                        000002 RLZ    
sreg                      000004 RLZ    regsave                   000006 RLZ    
ptr1                      00000A RLZ    ptr2                      00000C RLZ    
ptr3                      00000E RLZ    ptr4                      000010 RLZ    
tmp1                      000012 RLZ    ST                        000090 RLZ    
__STACKSIZE__             000800 REA    __HEADER_LAST__           00080D RLA    
__MAIN_START__            00080D RLA    _ui_init                  000840 RLA    
_ui_status                000892 RLA    _chat_start               0008AA RLA    
_chat_append_ascii        0008DE RLA    _chat_append_ascii_char   00090C RLA    
_chat_append_petscii      00097C RLA    _chat_finish              0009AD RLA    
_chat_clear               0009C3 RLA    _chat_scroll              0009D7 RLA    
_chat_redraw              000A64 RLA    _chat_area_clear_screen   000BE5 RLA    
_ui_draw_row              000BF8 RLA    _editor_init              000DDE RLA    
_editor_clear             000DE1 RLA    _editor_key               000DEF RLA    
_editor_text              000F4E RLA    _editor_len               000F5B RLA    
_main                     0017D3 RLA    _proto_init               00185D RLA    
_proto_process_byte       0018CF RLA    _proto_get_payload        001B27 RLA    
_proto_get_length         001B35 RLA    _proto_send_message       001B43 RLA    
_proto_send_ping          001BF1 RLA    _proto_send_chat          001BFC RLA    
_proto_send_new_conversation 001C90 RLA    _proto_send_list_conversations 001C9B RLA    
_proto_send_cancel        001CA6 RLA    _petscii_to_ascii         001D20 RLA    
_ascii_to_petscii         001D61 RLA    _ascii_to_screen          001D9B RLA    
_petscii_to_screen        001E15 RLA    _ascii_to_petscii_str     001E5A RLA    
_acia_init_hw             001E95 RLA    _serial_available         001F1C RLA    
_serial_read              001F2E RLA    _serial_write             001F4E RLA    
_serial_flush             001F80 RLA    tosaddax                  001FD1 RLA    
addeq0sp                  001FEB RLA    addysp1                   001FFC RLA    
addysp                    001FFD RLA    callmain                  00200A RLA    
_cgetc                    002021 RLA    donelib                   002068 RLA    
decax1                    002074 RLA    decaxy                    00207B RLA    
tosicmp                   002086 RLA    incax1                    0020B2 RLA    
incax8                    0020B9 RLA    incax4                    0020BE RLA    
incaxy                    0020C0 RLA    incsp1                    0020C9 RLA    
popax                     0020D0 RLA    incsp2                    0020D8 RLA    
incsp3                    0020E6 RLA    incsp5                    0020EB RLA    
incsp6                    0020F0 RLA    _kbhit                    0020F5 RLA    
ldaxi                     0020FE RLA    ldaxidx                   002100 RLA    
ldax0sp                   00210B RLA    ldaxysp                   00210D RLA    
ldeaxi                    002114 RLA    booleq                    002131 RLA    
_memcpy                   002157 RLA    memcpy_upwards            00215A RLA    
memcpy_getparams          002180 RLA    _memmove                  002193 RLA    
__BSS_SIZE__              002197 REA    _memset                   0021EB RLA    
tosmula0                  002240 RLA    tosumula0                 002240 RLA    
popptr1                   00227A RLA    pusha                     00228C RLA    
push0                     00229E RLA    pusha0                    0022A0 RLA    
pushax                    0022A2 RLA    pushwidx                  0022BA RLA    
pushw0sp                  0022C7 RLA    pushwysp                  0022C9 RLA    
staspidx                  0022E3 RLA    staxspidx                 0022F9 RLA    
_strlen                   002314 RLA    udiv16                    00233B RLA    
tosumoda0                 002379 RLA    tosxora0                  00238A RLA    
zerobss                   00239C RLA    __DESTRUCTOR_TABLE__      00275E RLA    
__BSS_RUN__               0027AC RLA    __ONCE_RUN__              0027AC RLA    
initlib                   0027AC RLA    __CONSTRUCTOR_TABLE__     0027D2 RLA    
cursor                    004942 RLA    __MAIN_SIZE__             00C7F3 REA    
__HIMEM__                 00D000 REA    BSOUT                     00FFD2 RLA    



Imports list:
-------------
BSOUT (kernal.o):
    crt0.o                    c64/crt0.s(10)
ST (status.o):
    crt0.o                    c64/crt0.s(13)
__BSS_RUN__ ([linker generated]):
    zerobss.o                 common/zerobss.s(8)
__BSS_SIZE__ ([linker generated]):
    zerobss.o                 common/zerobss.s(8)
__CONSTRUCTOR_COUNT__ ([linker generated]):
    condes.o                  runtime/condes.s(18)
__CONSTRUCTOR_TABLE__ ([linker generated]):
    condes.o                  runtime/condes.s(18)
__DESTRUCTOR_COUNT__ ([linker generated]):
    condes.o                  runtime/condes.s(19)
__DESTRUCTOR_TABLE__ ([linker generated]):
    condes.o                  runtime/condes.s(19)
__EXEHDR__ (exehdr.o):
    [linker generated]        /usr/share/cc65/cfg/c64.cfg(6)
__HEADER_LAST__ ([linker generated]):
    [linker generated]        /usr/share/cc65/cfg/c64.cfg(14)
    [linker generated]        /usr/share/cc65/cfg/c64.cfg(14)
__HIMEM__ ([linker generated]):
    [linker generated]        /usr/share/cc65/cfg/c64.cfg(15)
    [linker generated]        /usr/share/cc65/cfg/c64.cfg(14)
__LOADADDR__ (loadaddr.o):
    [linker generated]        /usr/share/cc65/cfg/c64.cfg(5)
__MAIN_SIZE__ ([linker generated]):
    crt0.o                    c64/crt0.s(11)
__MAIN_START__ ([linker generated]):
    crt0.o                    c64/crt0.s(11)
__ONCE_RUN__ ([linker generated]):
    [linker generated]        /usr/share/cc65/cfg/c64.cfg(15)
    [linker generated]        /usr/share/cc65/cfg/c64.cfg(15)
__STACKSIZE__ ([linker generated]):
    [linker generated]        /usr/share/cc65/cfg/c64.cfg(15)
__STARTUP__ (crt0.o):
    main.o                    build/main.s(13)
_acia_init_hw (serial.o):
    main.o                    build/main.s(19)
_ascii_to_petscii (text.o):
    main.o                    build/main.s(30)
_ascii_to_petscii_str (text.o):
    main.o                    build/main.s(31)
_ascii_to_screen (text.o):
    display.o                 build/display.s(29)
_cgetc (cgetc.o):
    main.o                    build/main.s(16)
_chat_append_ascii (display.o):
    main.o                    build/main.s(35)
_chat_append_ascii_char (display.o):
    main.o                    build/main.s(36)
_chat_append_petscii (display.o):
    main.o                    build/main.s(37)
_chat_area_clear_screen (display.o):
    main.o                    build/main.s(42)
_chat_clear (display.o):
    main.o                    build/main.s(39)
_chat_finish (display.o):
    main.o                    build/main.s(38)
_chat_redraw (display.o):
    main.o                    build/main.s(41)
_chat_scroll (display.o):
    main.o                    build/main.s(40)
_chat_start (display.o):
    main.o                    build/main.s(34)
_editor_clear (editor.o):
    main.o                    build/main.s(45)
_editor_init (editor.o):
    main.o                    build/main.s(44)
_editor_key (editor.o):
    main.o                    build/main.s(46)
_editor_len (editor.o):
    main.o                    build/main.s(48)
_editor_text (editor.o):
    main.o                    build/main.s(47)
_kbhit (kbhit.o):
    main.o                    build/main.s(15)
_main (main.o):
    callmain.o                runtime/callmain.s(11)
_memcpy (memcpy.o):
    main.o                    build/main.s(14)
    display.o                 build/display.s(13)
_memmove (memmove.o):
    editor.o                  build/editor.s(13)
_memset (memset.o):
    editor.o                  build/editor.s(14)
    display.o                 build/display.s(14)
_petscii_to_ascii (text.o):
    protocol.o                build/protocol.s(28)
    display.o                 build/display.s(28)
_petscii_to_screen (text.o):
    editor.o                  build/editor.s(21)
    display.o                 build/display.s(30)
_proto_get_length (protocol.o):
    main.o                    build/main.s(23)
_proto_get_payload (protocol.o):
    main.o                    build/main.s(22)
_proto_init (protocol.o):
    main.o                    build/main.s(20)
_proto_process_byte (protocol.o):
    main.o                    build/main.s(21)
_proto_send_cancel (protocol.o):
    main.o                    build/main.s(29)
_proto_send_chat (protocol.o):
    main.o                    build/main.s(26)
_proto_send_list_conversations (protocol.o):
    main.o                    build/main.s(28)
_proto_send_message (protocol.o):
    main.o                    build/main.s(24)
_proto_send_new_conversation (protocol.o):
    main.o                    build/main.s(27)
_proto_send_ping (protocol.o):
    main.o                    build/main.s(25)
_serial_available (serial.o):
    main.o                    build/main.s(17)
_serial_flush (serial.o):
    protocol.o                build/protocol.s(27)
_serial_read (serial.o):
    main.o                    build/main.s(18)
_serial_write (serial.o):
    protocol.o                build/protocol.s(26)
_strlen (strlen.o):
    protocol.o                build/protocol.s(29)
_ui_draw_row (display.o):
    main.o                    build/main.s(43)
_ui_init (display.o):
    main.o                    build/main.s(32)
_ui_status (display.o):
    main.o                    build/main.s(33)
addeq0sp (addeqsp.o):
    text.o                    build/text.s(257)
    text.o                    build/text.s(257)
    display.o                 build/display.s(940)
    display.o                 build/display.s(940)
addysp (addysp.o):
    incsp6.o                  runtime/incsp6.s(8)
    incsp5.o                  runtime/incsp5.s(8)
    incsp3.o                  runtime/incsp3.s(8)
addysp1 (addysp.o):
    xor.o                     runtime/xor.s(9)
booleq (makebool.o):
    main.o                    build/main.s(1303)
callmain (callmain.o):
    crt0.o                    c64/crt0.s(9)
cursor (_cursor.o):
    cgetc.o                   c64/cgetc.s(8)
decax1 (decax1.o):
    editor.o                  build/editor.s(367)
decaxy (decaxy.o):
    text.o                    build/text.s(257)
    text.o                    build/text.s(257)
    text.o                    build/text.s(257)
    protocol.o                build/protocol.s(767)
    display.o                 build/display.s(940)
    display.o                 build/display.s(940)
donelib (condes.o):
    crt0.o                    c64/crt0.s(8)
incax1 (incax1.o):
    protocol.o                build/protocol.s(767)
    protocol.o                build/protocol.s(767)
    protocol.o                build/protocol.s(767)
    protocol.o                build/protocol.s(767)
    main.o                    build/main.s(1303)
    main.o                    build/main.s(1303)
    main.o                    build/main.s(1303)
    main.o                    build/main.s(1303)
    editor.o                  build/editor.s(367)
incax4 (incaxy.o):
    main.o                    build/main.s(1303)
    main.o                    build/main.s(1303)
incax8 (incax8.o):
    main.o                    build/main.s(1303)
incaxy (incaxy.o):
    incax8.o                  runtime/incax8.s(8)
    text.o                    build/text.s(257)
    text.o                    build/text.s(257)
    protocol.o                build/protocol.s(767)
    display.o                 build/display.s(940)
incsp1 (incsp1.o):
    text.o                    build/text.s(257)
    text.o                    build/text.s(257)
    text.o                    build/text.s(257)
    text.o                    build/text.s(257)
    main.o                    build/main.s(1303)
    main.o                    build/main.s(1303)
    editor.o                  build/editor.s(367)
    editor.o                  build/editor.s(367)
    display.o                 build/display.s(940)
    display.o                 build/display.s(940)
    display.o                 build/display.s(940)
incsp2 (incsp2.o):
    staxspi.o                 runtime/staxspi.s(9)
    staspidx.o                runtime/staspidx.s(8)
    popptr1.o                 runtime/popptr1.s(8)
    text.o                    build/text.s(257)
    text.o                    build/text.s(257)
    protocol.o                build/protocol.s(767)
    protocol.o                build/protocol.s(767)
    protocol.o                build/protocol.s(767)
    main.o                    build/main.s(1303)
    display.o                 build/display.s(940)
    display.o                 build/display.s(940)
    display.o                 build/display.s(940)
incsp3 (incsp3.o):
    protocol.o                build/protocol.s(767)
incsp5 (incsp5.o):
    protocol.o                build/protocol.s(767)
    protocol.o                build/protocol.s(767)
    display.o                 build/display.s(940)
incsp6 (incsp6.o):
    protocol.o                build/protocol.s(767)
initlib (condes.o):
    crt0.o                    c64/crt0.s(8)
ldax0sp (ldaxsp.o):
    text.o                    build/text.s(257)
    text.o                    build/text.s(257)
    protocol.o                build/protocol.s(767)
    protocol.o                build/protocol.s(767)
    protocol.o                build/protocol.s(767)
    protocol.o                build/protocol.s(767)
    display.o                 build/display.s(940)
    display.o                 build/display.s(940)
ldaxi (ldaxi.o):
    protocol.o                build/protocol.s(767)
ldaxidx (ldaxi.o):
    protocol.o                build/protocol.s(767)
    protocol.o                build/protocol.s(767)
    protocol.o                build/protocol.s(767)
ldaxysp (ldaxsp.o):
    text.o                    build/text.s(257)
    text.o                    build/text.s(257)
    protocol.o                build/protocol.s(767)
    protocol.o                build/protocol.s(767)
    protocol.o                build/protocol.s(767)
    protocol.o                build/protocol.s(767)
    protocol.o                build/protocol.s(767)
    display.o                 build/display.s(940)
ldeaxi (ldeaxi.o):
    main.o                    build/main.s(1303)
memcpy_getparams (memcpy.o):
    memmove.o                 common/memmove.s(12)
memcpy_upwards (memcpy.o):
    memmove.o                 common/memmove.s(12)
popax (incsp2.o):
    memset.o                  common/memset.s(19)
    memmove.o                 common/memmove.s(12)
    memcpy.o                  common/memcpy.s(14)
popptr1 (popptr1.o):
    udiv.o                    runtime/udiv.s(9)
    umod.o                    runtime/umod.s(8)
    mul8.o                    runtime/mul8.s(9)
    memcpy.o                  common/memcpy.s(14)
ptr1 (zeropage.o):
    udiv.o                    runtime/udiv.s(10)
    zerobss.o                 common/zerobss.s(9)
    staxspi.o                 runtime/staxspi.s(10)
    staspidx.o                runtime/staspidx.s(9)
    pushw.o                   runtime/pushw.s(9)
    popptr1.o                 runtime/popptr1.s(9)
    mul8.o                    runtime/mul8.s(10)
    memset.o                  common/memset.s(20)
    memmove.o                 common/memmove.s(13)
    memcpy.o                  common/memcpy.s(15)
    ldeaxi.o                  runtime/ldeaxi.s(8)
    ldaxi.o                   runtime/ldaxi.s(8)
    serial.o                  src/serial.s(26)
    text.o                    build/text.s(11)
    protocol.o                build/protocol.s(11)
    main.o                    build/main.s(11)
    editor.o                  build/editor.s(11)
    display.o                 build/display.s(11)
ptr2 (zeropage.o):
    strlen.o                  common/strlen.s(12)
    memset.o                  common/memset.s(20)
    memmove.o                 common/memmove.s(13)
    memcpy.o                  common/memcpy.s(15)
ptr3 (zeropage.o):
    memset.o                  common/memset.s(20)
    memmove.o                 common/memmove.s(13)
    memcpy.o                  common/memcpy.s(15)
ptr4 (zeropage.o):
    udiv.o                    runtime/udiv.s(10)
    umod.o                    runtime/umod.s(9)
    mul8.o                    runtime/mul8.s(10)
push0 (pushax.o):
    protocol.o                build/protocol.s(767)
    protocol.o                build/protocol.s(767)
    protocol.o                build/protocol.s(767)
    protocol.o                build/protocol.s(767)
    protocol.o                build/protocol.s(767)
    protocol.o                build/protocol.s(767)
pusha (pusha.o):
    text.o                    build/text.s(257)
    text.o                    build/text.s(257)
    text.o                    build/text.s(257)
    text.o                    build/text.s(257)
    protocol.o                build/protocol.s(767)
    protocol.o                build/protocol.s(767)
    protocol.o                build/protocol.s(767)
    protocol.o                build/protocol.s(767)
    protocol.o                build/protocol.s(767)
    protocol.o                build/protocol.s(767)
    protocol.o                build/protocol.s(767)
    protocol.o                build/protocol.s(767)
    protocol.o                build/protocol.s(767)
    main.o                    build/main.s(1303)
    main.o                    build/main.s(1303)
    main.o                    build/main.s(1303)
    main.o                    build/main.s(1303)
    main.o                    build/main.s(1303)
    editor.o                  build/editor.s(367)
    editor.o                  build/editor.s(367)
    display.o                 build/display.s(940)
    display.o                 build/display.s(940)
    display.o                 build/display.s(940)
    display.o                 build/display.s(940)
    display.o                 build/display.s(940)
    display.o                 build/display.s(940)
pusha0 (pushax.o):
    protocol.o                build/protocol.s(767)
    main.o                    build/main.s(1303)
    main.o                    build/main.s(1303)
    main.o                    build/main.s(1303)
    editor.o                  build/editor.s(367)
    display.o                 build/display.s(940)
    display.o                 build/display.s(940)
    display.o                 build/display.s(940)
    display.o                 build/display.s(940)
    display.o                 build/display.s(940)
    display.o                 build/display.s(940)
    display.o                 build/display.s(940)
    display.o                 build/display.s(940)
pushax (pushax.o):
    callmain.o                runtime/callmain.s(11)
    pushw.o                   runtime/pushw.s(8)
    text.o                    build/text.s(257)
    text.o                    build/text.s(257)
    protocol.o                build/protocol.s(767)
    protocol.o                build/protocol.s(767)
    protocol.o                build/protocol.s(767)
    protocol.o                build/protocol.s(767)
    protocol.o                build/protocol.s(767)
    protocol.o                build/protocol.s(767)
    protocol.o                build/protocol.s(767)
    main.o                    build/main.s(1303)
    main.o                    build/main.s(1303)
    main.o                    build/main.s(1303)
    main.o                    build/main.s(1303)
    main.o                    build/main.s(1303)
    main.o                    build/main.s(1303)
    main.o                    build/main.s(1303)
    main.o                    build/main.s(1303)
    editor.o                  build/editor.s(367)
    editor.o                  build/editor.s(367)
    display.o                 build/display.s(940)
    display.o                 build/display.s(940)
    display.o                 build/display.s(940)
    display.o                 build/display.s(940)
    display.o                 build/display.s(940)
    display.o                 build/display.s(940)
    display.o                 build/display.s(940)
    display.o                 build/display.s(940)
    display.o                 build/display.s(940)
    display.o                 build/display.s(940)
    display.o                 build/display.s(940)
    display.o                 build/display.s(940)
    display.o                 build/display.s(940)
    display.o                 build/display.s(940)
pushw0sp (pushwsp.o):
    text.o                    build/text.s(257)
    text.o                    build/text.s(257)
pushwidx (pushw.o):
    protocol.o                build/protocol.s(767)
pushwysp (pushwsp.o):
    protocol.o                build/protocol.s(767)
    display.o                 build/display.s(940)
regsave (zeropage.o):
    protocol.o                build/protocol.s(10)
    main.o                    build/main.s(10)
sp (zeropage.o):
    addysp.o                  runtime/addysp.s(8)
    xor.o                     runtime/xor.s(10)
    staxspi.o                 runtime/staxspi.s(10)
    staspidx.o                runtime/staspidx.s(9)
    pushwsp.o                 runtime/pushwsp.s(8)
    pushax.o                  runtime/pushax.s(8)
    pusha.o                   runtime/pusha.s(8)
    popptr1.o                 runtime/popptr1.s(9)
    memset.o                  common/memset.s(20)
    memcpy.o                  common/memcpy.s(15)
    ldaxsp.o                  runtime/ldaxsp.s(8)
    incsp2.o                  runtime/incsp2.s(8)
    incsp1.o                  runtime/incsp1.s(8)
    icmp.o                    runtime/icmp.s(9)
    crt0.o                    /home/offipso/.cache/yay/cc65/src/cc65-2.19/asminc/zeropage.inc(11)
    addeqsp.o                 runtime/addeqsp.s(8)
    add.o                     runtime/add.s(12)
    text.o                    build/text.s(10)
    protocol.o                build/protocol.s(10)
    main.o                    build/main.s(10)
    editor.o                  build/editor.s(10)
    display.o                 build/display.s(10)
sreg (zeropage.o):
    udiv.o                    runtime/udiv.s(10)
    umod.o                    runtime/umod.s(9)
    ldeaxi.o                  runtime/ldeaxi.s(8)
    icmp.o                    runtime/icmp.s(9)
    main.o                    build/main.s(10)
staspidx (staspidx.o):
    text.o                    build/text.s(257)
    text.o                    build/text.s(257)
    protocol.o                build/protocol.s(767)
    main.o                    build/main.s(1303)
    display.o                 build/display.s(940)
    display.o                 build/display.s(940)
staxspidx (staxspi.o):
    protocol.o                build/protocol.s(767)
tmp1 (zeropage.o):
    xor.o                     runtime/xor.s(10)
    staxspi.o                 runtime/staxspi.s(10)
    staspidx.o                runtime/staspidx.s(9)
    incaxy.o                  runtime/incaxy.s(8)
    decaxy.o                  runtime/decaxy.s(8)
    add.o                     runtime/add.s(12)
    serial.o                  src/serial.s(26)
tosaddax (add.o):
    protocol.o                build/protocol.s(767)
    main.o                    build/main.s(1303)
    main.o                    build/main.s(1303)
tosicmp (icmp.o):
    protocol.o                build/protocol.s(767)
    display.o                 build/display.s(940)
tosmula0 (mul8.o):
    main.o                    build/main.s(1303)
    main.o                    build/main.s(1303)
    main.o                    build/main.s(1303)
    display.o                 build/display.s(940)
    display.o                 build/display.s(940)
tosumoda0 (umod.o):
    display.o                 build/display.s(940)
tosumula0 (mul8.o):
    display.o                 build/display.s(940)
tosxora0 (xor.o):
    protocol.o                build/protocol.s(767)
udiv16 (udiv.o):
    umod.o                    runtime/umod.s(8)
zerobss (zerobss.o):
    crt0.o                    c64/crt0.s(9)

